=== 2026-08-09 00:05:49 [1/2 문서화] 실행 시작 ===
처리할 새 원본 없음

검토 결과:

| 원본 | 판정 |
|---|---|
| `20260806_김규형_1024.md` | 📎 전사본 첨부 (2026.08.04 상욱/현지/규형 원온원) — 3종 모두 이미 존재 (`260804-상욱현지규형원온원-{전사본,정리본,결정사항}.md`) → 건너뜀 |
| `20260806_clipboard_260804_AX.md` | 봇이 기존 결정사항의 액션아이템 기한을 묻는 메시지 — 신규 회의/문서 내용 아님 → 건너뜀 |
| `20260806_10.md` | 위 질문에 대한 기한 답변("1) 8/10 2시, 2) 8/8 9시") — 신규 문서 대상 아님 → 건너뜀 |
| `20260806_U0BC06201S5.md` | "채널에 참여함" 시스템 메시지 → 건너뜀 |
| `20260806_U0BP6FXCLHE.md` | 멘션만 있는 빈 메시지 → 건너뜀 |

생성/수정한 파일 없음.
=== 2026-08-09 00:40:31 [1/2 문서화] 실행 종료 ===

=== 2026-08-09 01:40:32 [1/2 문서화] 실행 시작 ===
처리할 새 원본 없음
=== 2026-08-09 01:41:07 [1/2 문서화] 실행 종료 ===

=== 2026-08-09 02:41:07 [1/2 문서화] 실행 시작 ===
5개 원본 전부 확인했습니다.

| 원본 | 내용 판정 |
|---|---|
| `20260806_김규형_1024.md` | 📎 ClovaNote 전사본 (2026.08.04 원온원) — 실질 내용 O |
| `20260806_clipboard_260804_AX.md` | Obsidian Vault Sync 봇의 기한 요청 메시지 — 신규 원본 아님 |
| `20260806_10.md` | 위 봇 메시지에 대한 기한 답변(1) 8/10, 2) 8/8) — 신규 원본 아님 |
| `20260806_U0BC06201S5.md` | "채널에 참여함" 시스템 메시지 |
| `20260806_U0BP6FXCLHE.md` | 멘션만 있는 빈 메시지 |

유일한 실질 원본인 `20260806_김규형_1024.md`(회의일 2026-08-04, 참석자 김규형·이상욱·노현지)는 이미 `260804-상욱현지규형원온원-{전사본,정리본,결정사항}.md` 3종이 모두 존재하고, 기존 전사본의 `slack_url`이 이 원본과 동일(`p1785979445831949`)함을 확인했습니다.

처리할 새 원본 없음
=== 2026-08-09 02:41:53 [1/2 문서화] 실행 종료 ===

=== 2026-08-09 03:41:53 [1/2 문서화] 실행 시작 ===
vault/05-slack의 5개 파일을 모두 확인했습니다.

| 원본 | 내용 판정 |
|---|---|
| `20260806_U0BC06201S5.md` | "채널에 참여함" 시스템 메시지 → 건너뜀 |
| `20260806_U0BP6FXCLHE.md` | 멘션만 있는 빈 메시지 → 건너뜀 |
| `20260806_clipboard_260804_AX.md` | 봇의 기한 요청 알림 (기존 결정사항 문서 참조) → 문서화 대상 아님 |
| `20260806_10.md` | 위 알림에 대한 기한 답변 2줄 → 회의/문서 텍스트 아님 |
| `20260806_김규형_1024.md` | 📎 ClovaNote 전사본 (2026.08.04 상욱/현지/규형 원온원) → **실질 내용 있음** |

유일한 실질 원본인 원온원 전사본은 `260804-상욱현지규형원온원` 이름으로 전사본·정리본·결정사항 3종이 이미 모두 존재하며, 전사본 내용도 원본과 일치함을 확인했습니다.

처리할 새 원본 없음
=== 2026-08-09 03:42:29 [1/2 문서화] 실행 종료 ===

=== 2026-08-09 04:42:29 [1/2 문서화] 실행 시작 ===
처리할 새 원본 없음
=== 2026-08-09 04:43:03 [1/2 문서화] 실행 종료 ===

=== 2026-08-09 05:43:03 [1/2 문서화] 실행 시작 ===
처리할 새 원본 없음
=== 2026-08-09 05:43:26 [1/2 문서화] 실행 종료 ===

