=== 2026-08-07 00:10:12 [1/2 문서화] 실행 시작 ===
처리할 새 원본 없음

(5개 원본 스캔: `20260806_김규형_1024.md`는 📎 `2026.08.04 상욱님 현지님 규형님 원온원 (1).txt` 전사본이지만 `260804-상욱현지규형원온원` 3종이 이미 존재 → 건너뜀. 나머지 4개는 채널 참여 시스템 메시지, 멘션만 있는 메시지, Vault Sync 봇 기한 질문, 그에 대한 날짜 답장으로 실질 내용 없음.)
=== 2026-08-07 00:10:55 [1/2 문서화] 실행 종료 ===

=== 2026-08-07 01:10:55 [1/2 문서화] 실행 시작 ===
처리할 새 원본 없음
=== 2026-08-07 01:11:35 [1/2 문서화] 실행 종료 ===

=== 2026-08-07 02:11:35 [1/2 문서화] 실행 시작 ===
vault/05-slack/ 5개 파일 전부 확인 완료:

| 원본 | 판정 |
|---|---|
| `20260806_U0BC06201S5.md` | "채널에 참여함" 시스템 메시지 → 건너뜀 |
| `20260806_U0BP6FXCLHE.md` | 멘션만 있는 빈 메시지 → 건너뜀 |
| `20260806_clipboard_260804_AX.md` | 봇의 액션아이템 기한 요청 알림 → 회의/문서 내용 아님, 건너뜀 |
| `20260806_10.md` | 위 봇 메시지에 대한 기한 답장(8/10, 8/8) → 회의/문서 내용 아님, 건너뜀 |
| `20260806_김규형_1024.md` | 📎 `2026.08.04 상욱님 현지님 규형님 원온원 (1).txt` 전사본 있음 → 내용 있음. 날짜 2026-08-04, 주제 상욱·현지·규형 원온원 → `260804-상욱현지규형원온원-*` 3종 이미 전부 존재 (전사본/정리본/결정사항) → 중복이라 건너뜀 |

**처리할 새 원본 없음**
=== 2026-08-07 02:12:18 [1/2 문서화] 실행 종료 ===

=== 2026-08-07 03:12:18 [1/2 문서화] 실행 시작 ===
5개 원본 확인 완료:

| 파일 | 판정 |
|---|---|
| `20260806_U0BC06201S5.md` | "채널에 참여함" 시스템 메시지 → 건너뜀 |
| `20260806_U0BP6FXCLHE.md` | 멘션만 있는 빈 메시지 → 건너뜀 |
| `20260806_10.md` | 기한 답장("1) 8/10, 2) 8/8") 단문 → 건너뜀 |
| `20260806_clipboard_260804_AX.md` | 봇의 기한 요청 메시지(기존 결정사항 참조) → 건너뜀 |
| `20260806_김규형_1024.md` | 📎 ClovaNote 전사본 첨부 → 2026-08-04 상욱·현지·규형 원온원. `260804-상욱현지규형원온원-{전사본,정리본,결정사항}.md` 3종 모두 이미 존재하며 `slack_url`도 동일(`p1785979445831949`) → 중복이라 건너뜀 |

처리할 새 원본 없음
=== 2026-08-07 03:13:01 [1/2 문서화] 실행 종료 ===

=== 2026-08-07 04:13:02 [1/2 문서화] 실행 시작 ===
처리할 새 원본 없음
=== 2026-08-07 04:13:39 [1/2 문서화] 실행 종료 ===

=== 2026-08-07 05:13:39 [1/2 문서화] 실행 시작 ===
처리할 새 원본 없음
=== 2026-08-07 05:14:05 [1/2 문서화] 실행 종료 ===

=== 2026-08-07 06:14:05 [1/2 문서화] 실행 시작 ===
5개 파일 전부 확인했습니다.

| 원본 | 내용 | 판정 |
|---|---|---|
| `20260806_U0BC06201S5.md` | "채널에 참여함" 시스템 메시지 | 건너뜀 |
| `20260806_U0BP6FXCLHE.md` | 멘션만 있는 빈 메시지 | 건너뜀 |
| `20260806_clipboard_260804_AX.md` | 봇의 기한 입력 요청(기존 260804 결정사항 참조) | 건너뜀 |
| `20260806_10.md` | 위 요청에 대한 날짜 답장("1) 8/10, 2) 8/8") | 건너뜀 |
| `20260806_김규형_1024.md` | 📎 `2026.08.04 상욱님 현지님 규형님 원온원 (1).txt` 전사본 | 3종 이미 존재 |

마지막 파일만 실질 내용(전사본 첨부)이 있었고, 주제는 260804 원온원입니다. Glob으로 확인한 결과 `260804-상욱현지규형원온원-전사본/정리본/결정사항.md` 3종이 모두 이미 있어 중복 생성하지 않았습니다.

**처리할 새 원본 없음**
=== 2026-08-07 06:14:49 [1/2 문서화] 실행 종료 ===

=== 2026-08-07 08:40:00 [1/2 문서화] 실행 시작 ===
vault/05-slack/ 파일 5개를 모두 확인했습니다.

| 원본 파일 | 내용 | 판정 |
|---|---|---|
| `20260806_U0BC06201S5.md` | "채널에 참여함" 시스템 메시지 | 건너뜀 |
| `20260806_U0BP6FXCLHE.md` | 멘션만 있는 빈 메시지 | 건너뜀 |
| `20260806_10.md` | 기한 답장("1) 8/10 2) 8/8") | 건너뜀 |
| `20260806_clipboard_260804_AX.md` | 봇의 기한 요청 메시지 | 건너뜀 |
| `20260806_김규형_1024.md` | 📎 ClovaNote 전사본 (2026.08.04 원온원) | **이미 3종 생성됨** |

유일하게 실질적 내용이 있는 `20260806_김규형_1024.md`(2026-08-04 상욱·현지·규형 원온원 전사본)는 이미 `260804-상욱현지규형원온원-` 이름으로 전사본/정리본/결정사항 3종이 모두 존재하며, 기존 전사본의 `slack_url`이 이 원본과 동일함을 확인했습니다.

처리할 새 원본 없음
=== 2026-08-07 08:57:01 [1/2 문서화] 실행 종료 ===

=== 2026-08-07 09:02:26 [뉴스레터 아카이브] 실행 시작 ===
신규 저장: **뉴닉 1건, 어피티 1건, 블룸버그 1건** (총 3건, 모두 2026-08-07자)

- `newneek/260807-(광고)🦔길고양이 vs. 새, 댓글만 봐선 모르는 진짜 쟁점.md`
- `uppity/260807-(광고)💰금값 바닥 다졌다 vs. 아직 아니다.md`
- `bloomberg/260807-Money Stuff Fake SpaceX Stock Isn’t Worth as Much.md`

구독 확인/웰컴 메일 4건(블룸버그 "You've subscribed!", 어피티 "어피티가 처음이신가요?", 뉴닉 솔티라이프·비트 안내)과 뉴닉 커뮤니티 종료 공지 1건은 이미 _state.json에 기록돼 있어 재검토 대상에서 제외됐고, `_state.json`은 기존 5건 + 신규 3건 = 8건으로 병합 갱신했습니다.

참고 두 가지:
- 메일 날짜는 UTC로 오는데 발행 기준이 KST라 KST(+9)로 변환해 `date`/파일명을 정했습니다 (예: `2026-08-06T21:40Z` → `2026-08-07`). 뉴스레터 본문에 적힌 발행일(2026.8.7.)과 일치합니다.
- 블룸버그는 plaintext 본문에 78자 하드랩이 걸려 있어 문단 단위로 다시 이어붙였고, 뉴닉·어피티는 plaintext가 비어 있어 HTML에서 텍스트를 추출했습니다. 트래킹 URL·이미지만 제거했고 본문은 요약 없이 그대로입니다. 커밋은 하지 않았습니다.
=== 2026-08-07 09:05:22 [뉴스레터 아카이브] 실행 종료 ===

